2025-11-16 10:25:49 [scrapy.utils.log] INFO: Scrapy 2.11.0 started (bot: car_spider)
2025-11-16 10:25:49 [scrapy.utils.log] INFO: Versions: lxml 6.0.2.0, libxml2 2.11.9, cssselect 1.3.0, parsel 1.10.0, w3lib 2.3.1, Twisted 22.10.0, Python 3.12.6 (tags/v3.12.6:a4a2d2b, Sep  6 2024, 20:11:23) [MSC v.1940 64 bit (AMD64)], pyOpenSSL 25.3.0 (OpenSSL 3.5.4 30 Sep 2025), cryptography 46.0.3, Platform Windows-10-10.0.19045-SP0
2025-11-16 10:25:49 [scrapy.addons] INFO: Enabled addons:
[]
2025-11-16 10:25:49 [py.warnings] WARNING: E:\graduation-project\car_system_backend_django\venv\Lib\site-packages\scrapy\utils\request.py:254: ScrapyDeprecationWarning: '2.6' is a deprecated value for the 'REQUEST_FINGERPRINTER_IMPLEMENTATION' setting.

It is also the default value. In other words, it is normal to get this warning if you have not defined a value for the 'REQUEST_FINGERPRINTER_IMPLEMENTATION' setting. This is so for backward compatibility reasons, but it will change in a future version of Scrapy.

See the documentation of the 'REQUEST_FINGERPRINTER_IMPLEMENTATION' setting for information on how to handle this deprecation.
  return cls(crawler)

2025-11-16 10:25:49 [scrapy.middleware] INFO: Enabled extensions:
['scrapy.extensions.corestats.CoreStats',
 'scrapy.extensions.logstats.LogStats',
 'scrapy.extensions.throttle.AutoThrottle']
2025-11-16 10:25:49 [scrapy.crawler] INFO: Overridden settings:
{'AUTOTHROTTLE_ENABLED': True,
 'AUTOTHROTTLE_MAX_DELAY': 5,
 'AUTOTHROTTLE_START_DELAY': 1,
 'AUTOTHROTTLE_TARGET_CONCURRENCY': 2.0,
 'BOT_NAME': 'car_spider',
 'CONCURRENT_REQUESTS': 8,
 'CONCURRENT_REQUESTS_PER_DOMAIN': 4,
 'DOWNLOAD_DELAY': 2,
 'DOWNLOAD_TIMEOUT': 30,
 'HTTPCACHE_ENABLED': True,
 'HTTPCACHE_EXPIRATION_SECS': 3600,
 'HTTPCACHE_IGNORE_HTTP_CODES': [500, 502, 503, 504, 400, 403, 404, 408],
 'LOG_FILE': 'logs/scrapy_spider.log',
 'LOG_LEVEL': 'INFO',
 'NEWSPIDER_MODULE': 'car_spider.spiders',
 'RETRY_TIMES': 3,
 'SPIDER_MODULES': ['car_spider.spiders'],
 'TELNETCONSOLE_ENABLED': False,
 'USER_AGENT': 'Mozilla/5.0 (Windows NT 10.0; Win64; x64) AppleWebKit/537.36 '
               '(KHTML, like Gecko) Chrome/120.0.0.0 Safari/537.36'}
2025-11-16 10:25:50 [scrapy.middleware] INFO: Enabled downloader middlewares:
['scrapy.downloadermiddlewares.httpproxy.HttpProxyMiddleware',
 'scrapy.downloadermiddlewares.httpauth.HttpAuthMiddleware',
 'scrapy.downloadermiddlewares.downloadtimeout.DownloadTimeoutMiddleware',
 'scrapy.downloadermiddlewares.defaultheaders.DefaultHeadersMiddleware',
 'scrapy.downloadermiddlewares.useragent.UserAgentMiddleware',
 'scrapy.downloadermiddlewares.retry.RetryMiddleware',
 'scrapy.downloadermiddlewares.redirect.MetaRefreshMiddleware',
 'scrapy.downloadermiddlewares.httpcompression.HttpCompressionMiddleware',
 'scrapy.downloadermiddlewares.redirect.RedirectMiddleware',
 'scrapy.downloadermiddlewares.cookies.CookiesMiddleware',
 'scrapy.downloadermiddlewares.stats.DownloaderStats',
 'scrapy.downloadermiddlewares.httpcache.HttpCacheMiddleware']
2025-11-16 10:25:50 [scrapy.middleware] INFO: Enabled spider middlewares:
['scrapy.spidermiddlewares.httperror.HttpErrorMiddleware',
 'scrapy.spidermiddlewares.offsite.OffsiteMiddleware',
 'scrapy.spidermiddlewares.referer.RefererMiddleware',
 'scrapy.spidermiddlewares.urllength.UrlLengthMiddleware',
 'scrapy.spidermiddlewares.depth.DepthMiddleware']
2025-11-16 10:25:50 [scrapy.middleware] INFO: Enabled item pipelines:
['car_spider.pipelines.DjangoPipeline']
2025-11-16 10:25:50 [scrapy.core.engine] INFO: Spider opened
2025-11-16 10:25:50 [scrapy.extensions.logstats] INFO: Crawled 0 pages (at 0 pages/min), scraped 0 items (at 0 items/min)
2025-11-16 10:26:01 [car_spider.pipelines] INFO: ✓ 新增品牌: 五菱汽车
2025-11-16 10:26:01 [car_spider.pipelines] INFO: ✓ 新增车系: 五菱宏光MINIEV
2025-11-16 10:26:01 [car_spider.pipelines] INFO: ✓ 新增销量: 五菱汽车 五菱宏光MINIEV - 2025-11: 0
2025-11-16 10:26:01 [car_spider.pipelines] INFO: ✓ 新增品牌: 吉利银河
2025-11-16 10:26:01 [car_spider.pipelines] INFO: ✓ 新增车系: 星愿
2025-11-16 10:26:01 [car_spider.pipelines] INFO: ✓ 新增销量: 吉利银河 星愿 - 2025-11: 0
2025-11-16 10:26:01 [car_spider.pipelines] INFO: ✓ 新增品牌: 日产
2025-11-16 10:26:01 [car_spider.pipelines] INFO: ✓ 新增车系: 轩逸
2025-11-16 10:26:01 [car_spider.pipelines] INFO: ✓ 新增销量: 日产 轩逸 - 2025-11: 0
2025-11-16 10:26:01 [car_spider.pipelines] INFO: ✓ 新增品牌: 小米汽车
2025-11-16 10:26:01 [car_spider.pipelines] INFO: ✓ 新增车系: 小米YU7
2025-11-16 10:26:01 [car_spider.pipelines] INFO: ✓ 新增销量: 小米汽车 小米YU7 - 2025-11: 0
2025-11-16 10:26:01 [car_spider.pipelines] INFO: ✓ 新增品牌: 吉利汽车
2025-11-16 10:26:01 [car_spider.pipelines] INFO: ✓ 新增车系: 博越L
2025-11-16 10:26:01 [car_spider.pipelines] INFO: ✓ 新增销量: 吉利汽车 博越L - 2025-11: 0
2025-11-16 10:26:01 [car_spider.pipelines] INFO: ✓ 新增车系: 秦PLUS DM
2025-11-16 10:26:01 [car_spider.pipelines] INFO: ✓ 新增销量: 比亚迪 秦PLUS DM - 2025-11: 0
2025-11-16 10:26:01 [car_spider.pipelines] INFO: ✓ 新增品牌: 大众
2025-11-16 10:26:01 [car_spider.pipelines] INFO: ✓ 新增车系: 速腾
2025-11-16 10:26:01 [car_spider.pipelines] INFO: ✓ 新增销量: 大众 速腾 - 2025-11: 0
2025-11-16 10:26:01 [car_spider.pipelines] INFO: ✓ 新增车系: 海鸥
2025-11-16 10:26:01 [car_spider.pipelines] INFO: ✓ 新增销量: 比亚迪 海鸥 - 2025-11: 0
2025-11-16 10:26:01 [car_spider.pipelines] INFO: ✓ 新增品牌: 丰田
2025-11-16 10:26:01 [car_spider.pipelines] INFO: ✓ 新增车系: RAV4荣放
2025-11-16 10:26:01 [car_spider.pipelines] INFO: ✓ 新增销量: 丰田 RAV4荣放 - 2025-11: 0
2025-11-16 10:26:01 [car_spider.pipelines] INFO: ✓ 新增车系: 朗逸
2025-11-16 10:26:01 [car_spider.pipelines] INFO: ✓ 新增销量: 大众 朗逸 - 2025-11: 0
2025-11-16 10:26:01 [dongchedi] INFO: Successfully parsed 10 sales records
2025-11-16 10:26:01 [scrapy.core.engine] INFO: Closing spider (finished)
2025-11-16 10:26:01 [car_spider.pipelines] INFO: ============================================================
2025-11-16 10:26:01 [car_spider.pipelines] INFO: Pipeline 统计 - dongchedi
2025-11-16 10:26:01 [car_spider.pipelines] INFO: 成功保存: 10 条
2025-11-16 10:26:01 [car_spider.pipelines] INFO: 失败次数: 0 次
2025-11-16 10:26:01 [car_spider.pipelines] INFO: 重复数据: 0 条
2025-11-16 10:26:01 [car_spider.pipelines] INFO: ============================================================
2025-11-16 10:26:01 [dongchedi] INFO: ==================================================
2025-11-16 10:26:01 [dongchedi] INFO: Dongchedi spider finished: finished
2025-11-16 10:26:01 [dongchedi] INFO: Success: 10 items
2025-11-16 10:26:01 [dongchedi] INFO: Failed: 0 times
2025-11-16 10:26:01 [dongchedi] INFO: ==================================================
2025-11-16 10:26:01 [scrapy.statscollectors] INFO: Dumping Scrapy stats:
{'downloader/request_bytes': 396,
 'downloader/request_count': 1,
 'downloader/request_method_count/GET': 1,
 'downloader/response_bytes': 4413,
 'downloader/response_count': 1,
 'downloader/response_status_count/200': 1,
 'elapsed_time_seconds': 11.600279,
 'finish_reason': 'finished',
 'finish_time': datetime.datetime(2025, 11, 16, 2, 26, 1, 817044, tzinfo=datetime.timezone.utc),
 'httpcache/firsthand': 1,
 'httpcache/miss': 1,
 'httpcache/store': 1,
 'httpcompression/response_bytes': 10962,
 'httpcompression/response_count': 1,
 'item_scraped_count': 10,
 'log_count/INFO': 47,
 'log_count/WARNING': 1,
 'response_received_count': 1,
 'scheduler/dequeued': 1,
 'scheduler/dequeued/memory': 1,
 'scheduler/enqueued': 1,
 'scheduler/enqueued/memory': 1,
 'start_time': datetime.datetime(2025, 11, 16, 2, 25, 50, 216765, tzinfo=datetime.timezone.utc)}
2025-11-16 10:26:01 [scrapy.core.engine] INFO: Spider closed (finished)
2025-11-16 10:26:32 [scrapy.utils.log] INFO: Scrapy 2.11.0 started (bot: car_spider)
2025-11-16 10:26:32 [scrapy.utils.log] INFO: Versions: lxml 6.0.2.0, libxml2 2.11.9, cssselect 1.3.0, parsel 1.10.0, w3lib 2.3.1, Twisted 22.10.0, Python 3.12.6 (tags/v3.12.6:a4a2d2b, Sep  6 2024, 20:11:23) [MSC v.1940 64 bit (AMD64)], pyOpenSSL 25.3.0 (OpenSSL 3.5.4 30 Sep 2025), cryptography 46.0.3, Platform Windows-10-10.0.19045-SP0
2025-11-16 10:26:32 [scrapy.addons] INFO: Enabled addons:
[]
2025-11-16 10:26:32 [py.warnings] WARNING: E:\graduation-project\car_system_backend_django\venv\Lib\site-packages\scrapy\utils\request.py:254: ScrapyDeprecationWarning: '2.6' is a deprecated value for the 'REQUEST_FINGERPRINTER_IMPLEMENTATION' setting.

It is also the default value. In other words, it is normal to get this warning if you have not defined a value for the 'REQUEST_FINGERPRINTER_IMPLEMENTATION' setting. This is so for backward compatibility reasons, but it will change in a future version of Scrapy.

See the documentation of the 'REQUEST_FINGERPRINTER_IMPLEMENTATION' setting for information on how to handle this deprecation.
  return cls(crawler)

2025-11-16 10:26:32 [scrapy.middleware] INFO: Enabled extensions:
['scrapy.extensions.corestats.CoreStats',
 'scrapy.extensions.logstats.LogStats',
 'scrapy.extensions.throttle.AutoThrottle']
2025-11-16 10:26:32 [scrapy.crawler] INFO: Overridden settings:
{'AUTOTHROTTLE_ENABLED': True,
 'AUTOTHROTTLE_MAX_DELAY': 5,
 'AUTOTHROTTLE_START_DELAY': 1,
 'AUTOTHROTTLE_TARGET_CONCURRENCY': 2.0,
 'BOT_NAME': 'car_spider',
 'CONCURRENT_REQUESTS': 4,
 'CONCURRENT_REQUESTS_PER_DOMAIN': 4,
 'DOWNLOAD_DELAY': 3,
 'DOWNLOAD_TIMEOUT': 30,
 'HTTPCACHE_ENABLED': True,
 'HTTPCACHE_EXPIRATION_SECS': 3600,
 'HTTPCACHE_IGNORE_HTTP_CODES': [500, 502, 503, 504, 400, 403, 404, 408],
 'LOG_FILE': 'logs/scrapy_spider.log',
 'LOG_LEVEL': 'INFO',
 'NEWSPIDER_MODULE': 'car_spider.spiders',
 'RETRY_HTTP_CODES': [500, 502, 503, 504, 522, 524, 408, 429, 403],
 'RETRY_TIMES': 5,
 'SPIDER_MODULES': ['car_spider.spiders'],
 'TELNETCONSOLE_ENABLED': False,
 'USER_AGENT': 'Mozilla/5.0 (Macintosh; Intel Mac OS X 10_15_7) '
               'AppleWebKit/537.36 (KHTML, like Gecko) Chrome/120.0.0.0 '
               'Safari/537.36'}
2025-11-16 10:26:32 [scrapy.middleware] INFO: Enabled downloader middlewares:
['scrapy.downloadermiddlewares.httpproxy.HttpProxyMiddleware',
 'scrapy.downloadermiddlewares.httpauth.HttpAuthMiddleware',
 'scrapy.downloadermiddlewares.downloadtimeout.DownloadTimeoutMiddleware',
 'scrapy.downloadermiddlewares.defaultheaders.DefaultHeadersMiddleware',
 'scrapy.downloadermiddlewares.useragent.UserAgentMiddleware',
 'scrapy.downloadermiddlewares.retry.RetryMiddleware',
 'scrapy.downloadermiddlewares.redirect.MetaRefreshMiddleware',
 'scrapy.downloadermiddlewares.httpcompression.HttpCompressionMiddleware',
 'scrapy.downloadermiddlewares.redirect.RedirectMiddleware',
 'scrapy.downloadermiddlewares.cookies.CookiesMiddleware',
 'scrapy.downloadermiddlewares.stats.DownloaderStats',
 'scrapy.downloadermiddlewares.httpcache.HttpCacheMiddleware']
2025-11-16 10:26:32 [scrapy.middleware] INFO: Enabled spider middlewares:
['scrapy.spidermiddlewares.httperror.HttpErrorMiddleware',
 'scrapy.spidermiddlewares.offsite.OffsiteMiddleware',
 'scrapy.spidermiddlewares.referer.RefererMiddleware',
 'scrapy.spidermiddlewares.urllength.UrlLengthMiddleware',
 'scrapy.spidermiddlewares.depth.DepthMiddleware']
2025-11-16 10:26:32 [scrapy.middleware] INFO: Enabled item pipelines:
['car_spider.pipelines.DjangoPipeline']
2025-11-16 10:26:32 [scrapy.core.engine] INFO: Spider opened
2025-11-16 10:26:32 [scrapy.extensions.logstats] INFO: Crawled 0 pages (at 0 pages/min), scraped 0 items (at 0 items/min)
2025-11-16 10:26:50 [chezhi] INFO: Parsing page 1
2025-11-16 10:26:50 [chezhi] INFO: No complaint links found, generating test data
2025-11-16 10:26:50 [car_spider.pipelines] INFO: ✓ 新增车系: 秦PLUS DM-i
2025-11-16 10:26:50 [car_spider.pipelines] INFO: ✓ 新增问题: 秦PLUS DM-i - 电池衰减
2025-11-16 10:26:50 [car_spider.pipelines] INFO: ✓ 新增车系: Model Y
2025-11-16 10:26:50 [car_spider.pipelines] INFO: ✓ 新增问题: Model Y - 自动驾驶失灵
2025-11-16 10:26:50 [car_spider.pipelines] INFO: ✓ 新增车系: 理想L9
2025-11-16 10:26:50 [car_spider.pipelines] INFO: ✓ 新增问题: 理想L9 - 空调异响
2025-11-16 10:26:50 [car_spider.pipelines] INFO: ✓ 新增车系: ES6
2025-11-16 10:26:50 [car_spider.pipelines] INFO: ✓ 新增问题: ES6 - 车机异响
2025-11-16 10:26:50 [car_spider.pipelines] INFO: ✓ 新增车系: P7
2025-11-16 10:26:50 [car_spider.pipelines] INFO: ✓ 新增问题: P7 - 中控卡顿
2025-11-16 10:26:50 [chezhi] INFO: Generated 5 test complaint records
2025-11-16 10:26:53 [chezhi] INFO: Parsing page 2
2025-11-16 10:26:53 [chezhi] INFO: No complaint links found, generating test data
2025-11-16 10:26:53 [car_spider.pipelines] INFO: ✓ 更新问题: 秦PLUS DM-i - 电池衰减 (投诉次数: 2)
2025-11-16 10:26:53 [car_spider.pipelines] INFO: ✓ 更新问题: Model Y - 自动驾驶失灵 (投诉次数: 2)
2025-11-16 10:26:53 [car_spider.pipelines] INFO: ✓ 更新问题: 理想L9 - 空调异响 (投诉次数: 2)
2025-11-16 10:26:53 [car_spider.pipelines] INFO: ✓ 更新问题: ES6 - 车机异响 (投诉次数: 2)
2025-11-16 10:26:53 [car_spider.pipelines] INFO: ✓ 更新问题: P7 - 中控卡顿 (投诉次数: 2)
2025-11-16 10:26:53 [chezhi] INFO: Generated 5 test complaint records
2025-11-16 10:26:57 [chezhi] INFO: Parsing page 3
2025-11-16 10:26:57 [chezhi] INFO: No complaint links found, generating test data
2025-11-16 10:26:57 [car_spider.pipelines] INFO: ✓ 更新问题: 秦PLUS DM-i - 电池衰减 (投诉次数: 3)
2025-11-16 10:26:57 [car_spider.pipelines] INFO: ✓ 更新问题: Model Y - 自动驾驶失灵 (投诉次数: 3)
2025-11-16 10:26:57 [car_spider.pipelines] INFO: ✓ 更新问题: 理想L9 - 空调异响 (投诉次数: 3)
2025-11-16 10:26:57 [car_spider.pipelines] INFO: ✓ 更新问题: ES6 - 车机异响 (投诉次数: 3)
2025-11-16 10:26:57 [car_spider.pipelines] INFO: ✓ 更新问题: P7 - 中控卡顿 (投诉次数: 3)
2025-11-16 10:26:57 [chezhi] INFO: Generated 5 test complaint records
2025-11-16 10:27:03 [chezhi] INFO: Parsing page 4
2025-11-16 10:27:03 [chezhi] INFO: No complaint links found, generating test data
2025-11-16 10:27:03 [car_spider.pipelines] INFO: ✓ 更新问题: 秦PLUS DM-i - 电池衰减 (投诉次数: 4)
2025-11-16 10:27:03 [car_spider.pipelines] INFO: ✓ 更新问题: Model Y - 自动驾驶失灵 (投诉次数: 4)
2025-11-16 10:27:03 [car_spider.pipelines] INFO: ✓ 更新问题: 理想L9 - 空调异响 (投诉次数: 4)
2025-11-16 10:27:03 [car_spider.pipelines] INFO: ✓ 更新问题: ES6 - 车机异响 (投诉次数: 4)
2025-11-16 10:27:03 [car_spider.pipelines] INFO: ✓ 更新问题: P7 - 中控卡顿 (投诉次数: 4)
2025-11-16 10:27:03 [chezhi] INFO: Generated 5 test complaint records
2025-11-16 10:27:07 [chezhi] INFO: Parsing page 5
2025-11-16 10:27:07 [chezhi] INFO: No complaint links found, generating test data
2025-11-16 10:27:07 [car_spider.pipelines] INFO: ✓ 更新问题: 秦PLUS DM-i - 电池衰减 (投诉次数: 5)
2025-11-16 10:27:07 [car_spider.pipelines] INFO: ✓ 更新问题: Model Y - 自动驾驶失灵 (投诉次数: 5)
2025-11-16 10:27:07 [car_spider.pipelines] INFO: ✓ 更新问题: 理想L9 - 空调异响 (投诉次数: 5)
2025-11-16 10:27:07 [car_spider.pipelines] INFO: ✓ 更新问题: ES6 - 车机异响 (投诉次数: 5)
2025-11-16 10:27:07 [car_spider.pipelines] INFO: ✓ 更新问题: P7 - 中控卡顿 (投诉次数: 5)
2025-11-16 10:27:07 [chezhi] INFO: Generated 5 test complaint records
2025-11-16 10:27:07 [scrapy.core.engine] INFO: Closing spider (finished)
2025-11-16 10:27:07 [car_spider.pipelines] INFO: ============================================================
2025-11-16 10:27:07 [car_spider.pipelines] INFO: Pipeline 统计 - chezhi
2025-11-16 10:27:07 [car_spider.pipelines] INFO: 成功保存: 25 条
2025-11-16 10:27:07 [car_spider.pipelines] INFO: 失败次数: 0 次
2025-11-16 10:27:07 [car_spider.pipelines] INFO: 重复数据: 20 条
2025-11-16 10:27:07 [car_spider.pipelines] INFO: ============================================================
2025-11-16 10:27:07 [chezhi] INFO: ==================================================
2025-11-16 10:27:07 [chezhi] INFO: Chezhi spider finished: finished
2025-11-16 10:27:07 [chezhi] INFO: Success: 0 items
2025-11-16 10:27:07 [chezhi] INFO: Failed: 0 times
2025-11-16 10:27:07 [chezhi] INFO: ==================================================
2025-11-16 10:27:07 [scrapy.statscollectors] INFO: Dumping Scrapy stats:
{'downloader/request_bytes': 4366,
 'downloader/request_count': 10,
 'downloader/request_method_count/GET': 10,
 'downloader/response_bytes': 80572,
 'downloader/response_count': 10,
 'downloader/response_status_count/200': 5,
 'downloader/response_status_count/301': 5,
 'elapsed_time_seconds': 34.487638,
 'finish_reason': 'finished',
 'finish_time': datetime.datetime(2025, 11, 16, 2, 27, 7, 437839, tzinfo=datetime.timezone.utc),
 'httpcache/firsthand': 10,
 'httpcache/miss': 10,
 'httpcache/store': 10,
 'httpcompression/response_bytes': 341320,
 'httpcompression/response_count': 5,
 'item_scraped_count': 25,
 'log_count/INFO': 64,
 'log_count/WARNING': 1,
 'response_received_count': 5,
 'scheduler/dequeued': 10,
 'scheduler/dequeued/memory': 10,
 'scheduler/enqueued': 10,
 'scheduler/enqueued/memory': 10,
 'start_time': datetime.datetime(2025, 11, 16, 2, 26, 32, 950201, tzinfo=datetime.timezone.utc)}
2025-11-16 10:27:07 [scrapy.core.engine] INFO: Spider closed (finished)
2025-11-16 10:32:59 [scrapy.utils.log] INFO: Scrapy 2.11.0 started (bot: car_spider)
2025-11-16 10:33:00 [scrapy.utils.log] INFO: Versions: lxml 6.0.2.0, libxml2 2.11.9, cssselect 1.3.0, parsel 1.10.0, w3lib 2.3.1, Twisted 22.10.0, Python 3.12.4 | packaged by Anaconda, Inc. | (main, Jun 18 2024, 15:03:56) [MSC v.1929 64 bit (AMD64)], pyOpenSSL 25.1.0 (OpenSSL 3.1.4 24 Oct 2023), cryptography 41.0.7, Platform Windows-10-10.0.19045-SP0
2025-11-16 10:33:00 [scrapy.addons] INFO: Enabled addons:
[]
2025-11-16 10:33:00 [py.warnings] WARNING: C:\Users\husongyue\AppData\Roaming\Python\Python312\site-packages\scrapy\utils\request.py:254: ScrapyDeprecationWarning: '2.6' is a deprecated value for the 'REQUEST_FINGERPRINTER_IMPLEMENTATION' setting.

It is also the default value. In other words, it is normal to get this warning if you have not defined a value for the 'REQUEST_FINGERPRINTER_IMPLEMENTATION' setting. This is so for backward compatibility reasons, but it will change in a future version of Scrapy.

See the documentation of the 'REQUEST_FINGERPRINTER_IMPLEMENTATION' setting for information on how to handle this deprecation.
  return cls(crawler)

2025-11-16 10:33:00 [scrapy.middleware] INFO: Enabled extensions:
['scrapy.extensions.corestats.CoreStats',
 'scrapy.extensions.logstats.LogStats',
 'scrapy.extensions.throttle.AutoThrottle']
2025-11-16 10:33:00 [scrapy.crawler] INFO: Overridden settings:
{'AUTOTHROTTLE_ENABLED': True,
 'AUTOTHROTTLE_MAX_DELAY': 5,
 'AUTOTHROTTLE_START_DELAY': 1,
 'AUTOTHROTTLE_TARGET_CONCURRENCY': 2.0,
 'BOT_NAME': 'car_spider',
 'CONCURRENT_REQUESTS': 8,
 'CONCURRENT_REQUESTS_PER_DOMAIN': 4,
 'DOWNLOAD_DELAY': 2,
 'DOWNLOAD_TIMEOUT': 30,
 'HTTPCACHE_ENABLED': True,
 'HTTPCACHE_EXPIRATION_SECS': 3600,
 'HTTPCACHE_IGNORE_HTTP_CODES': [500, 502, 503, 504, 400, 403, 404, 408],
 'LOG_FILE': 'logs/scrapy_spider.log',
 'LOG_LEVEL': 'INFO',
 'NEWSPIDER_MODULE': 'car_spider.spiders',
 'RETRY_TIMES': 3,
 'SPIDER_MODULES': ['car_spider.spiders'],
 'TELNETCONSOLE_ENABLED': False,
 'USER_AGENT': 'Mozilla/5.0 (Windows NT 10.0; Win64; x64) AppleWebKit/537.36 '
               '(KHTML, like Gecko) Chrome/119.0.0.0 Safari/537.36'}
2025-11-16 10:33:00 [scrapy.middleware] INFO: Enabled downloader middlewares:
['scrapy.downloadermiddlewares.httpproxy.HttpProxyMiddleware',
 'scrapy.downloadermiddlewares.httpauth.HttpAuthMiddleware',
 'scrapy.downloadermiddlewares.downloadtimeout.DownloadTimeoutMiddleware',
 'scrapy.downloadermiddlewares.defaultheaders.DefaultHeadersMiddleware',
 'scrapy.downloadermiddlewares.useragent.UserAgentMiddleware',
 'scrapy.downloadermiddlewares.retry.RetryMiddleware',
 'scrapy.downloadermiddlewares.redirect.MetaRefreshMiddleware',
 'scrapy.downloadermiddlewares.httpcompression.HttpCompressionMiddleware',
 'scrapy.downloadermiddlewares.redirect.RedirectMiddleware',
 'scrapy.downloadermiddlewares.cookies.CookiesMiddleware',
 'scrapy.downloadermiddlewares.stats.DownloaderStats',
 'scrapy.downloadermiddlewares.httpcache.HttpCacheMiddleware']
2025-11-16 10:33:00 [scrapy.middleware] INFO: Enabled spider middlewares:
['scrapy.spidermiddlewares.httperror.HttpErrorMiddleware',
 'scrapy.spidermiddlewares.offsite.OffsiteMiddleware',
 'scrapy.spidermiddlewares.referer.RefererMiddleware',
 'scrapy.spidermiddlewares.urllength.UrlLengthMiddleware',
 'scrapy.spidermiddlewares.depth.DepthMiddleware']
2025-11-16 10:33:00 [scrapy.middleware] INFO: Enabled item pipelines:
['car_spider.pipelines.DjangoPipeline']
2025-11-16 10:33:00 [scrapy.core.engine] INFO: Spider opened
2025-11-16 10:33:00 [scrapy.extensions.logstats] INFO: Crawled 0 pages (at 0 pages/min), scraped 0 items (at 0 items/min)
2025-11-16 10:33:01 [car_spider.pipelines] INFO: ✓ 更新销量: 五菱汽车 五菱宏光MINIEV - 2025-11: 0
2025-11-16 10:33:01 [car_spider.pipelines] INFO: ✓ 更新销量: 吉利银河 星愿 - 2025-11: 0
2025-11-16 10:33:01 [car_spider.pipelines] INFO: ✓ 更新销量: 日产 轩逸 - 2025-11: 0
2025-11-16 10:33:01 [car_spider.pipelines] INFO: ✓ 更新销量: 小米汽车 小米YU7 - 2025-11: 0
2025-11-16 10:33:01 [car_spider.pipelines] INFO: ✓ 更新销量: 吉利汽车 博越L - 2025-11: 0
2025-11-16 10:33:01 [car_spider.pipelines] INFO: ✓ 更新销量: 比亚迪 秦PLUS DM - 2025-11: 0
2025-11-16 10:33:01 [car_spider.pipelines] INFO: ✓ 更新销量: 大众 速腾 - 2025-11: 0
2025-11-16 10:33:01 [car_spider.pipelines] INFO: ✓ 更新销量: 比亚迪 海鸥 - 2025-11: 0
2025-11-16 10:33:01 [car_spider.pipelines] INFO: ✓ 更新销量: 丰田 RAV4荣放 - 2025-11: 0
2025-11-16 10:33:01 [car_spider.pipelines] INFO: ✓ 更新销量: 大众 朗逸 - 2025-11: 0
2025-11-16 10:33:01 [dongchedi] INFO: Successfully parsed 10 sales records
2025-11-16 10:33:01 [scrapy.core.engine] INFO: Closing spider (finished)
2025-11-16 10:33:01 [car_spider.pipelines] INFO: ============================================================
2025-11-16 10:33:01 [car_spider.pipelines] INFO: Pipeline 统计 - dongchedi
2025-11-16 10:33:01 [car_spider.pipelines] INFO: 成功保存: 10 条
2025-11-16 10:33:01 [car_spider.pipelines] INFO: 失败次数: 0 次
2025-11-16 10:33:01 [car_spider.pipelines] INFO: 重复数据: 10 条
2025-11-16 10:33:01 [car_spider.pipelines] INFO: ============================================================
2025-11-16 10:33:01 [dongchedi] INFO: ==================================================
2025-11-16 10:33:01 [dongchedi] INFO: Dongchedi spider finished: finished
2025-11-16 10:33:01 [dongchedi] INFO: Success: 10 items
2025-11-16 10:33:01 [dongchedi] INFO: Failed: 0 times
2025-11-16 10:33:01 [dongchedi] INFO: ==================================================
2025-11-16 10:33:01 [scrapy.statscollectors] INFO: Dumping Scrapy stats:
{'downloader/request_bytes': 396,
 'downloader/request_count': 1,
 'downloader/request_method_count/GET': 1,
 'downloader/response_bytes': 4413,
 'downloader/response_count': 1,
 'downloader/response_status_count/200': 1,
 'elapsed_time_seconds': 0.176088,
 'finish_reason': 'finished',
 'finish_time': datetime.datetime(2025, 11, 16, 2, 33, 1, 86328, tzinfo=datetime.timezone.utc),
 'httpcache/hit': 1,
 'httpcompression/response_bytes': 10962,
 'httpcompression/response_count': 1,
 'item_scraped_count': 10,
 'log_count/INFO': 30,
 'log_count/WARNING': 1,
 'response_received_count': 1,
 'scheduler/dequeued': 1,
 'scheduler/dequeued/memory': 1,
 'scheduler/enqueued': 1,
 'scheduler/enqueued/memory': 1,
 'start_time': datetime.datetime(2025, 11, 16, 2, 33, 0, 910240, tzinfo=datetime.timezone.utc)}
2025-11-16 10:33:01 [scrapy.core.engine] INFO: Spider closed (finished)
2025-11-16 10:41:57 [scrapy.utils.log] INFO: Scrapy 2.13.3 started (bot: car_spider)
2025-11-16 10:41:57 [scrapy.utils.log] INFO: Versions:
{'lxml': '6.0.2',
 'libxml2': '2.11.9',
 'cssselect': '1.3.0',
 'parsel': '1.10.0',
 'w3lib': '2.3.1',
 'Twisted': '25.5.0',
 'Python': '3.12.6 (tags/v3.12.6:a4a2d2b, Sep  6 2024, 20:11:23) [MSC v.1940 '
           '64 bit (AMD64)]',
 'pyOpenSSL': '25.3.0 (OpenSSL 3.5.4 30 Sep 2025)',
 'cryptography': '46.0.3',
 'Platform': 'Windows-10-10.0.19045-SP0'}
2025-11-16 10:41:57 [scrapy.addons] INFO: Enabled addons:
[]
2025-11-16 10:41:57 [scrapy.middleware] INFO: Enabled extensions:
['scrapy.extensions.corestats.CoreStats',
 'scrapy.extensions.logstats.LogStats',
 'scrapy.extensions.throttle.AutoThrottle']
2025-11-16 10:41:57 [scrapy.crawler] INFO: Overridden settings:
{'AUTOTHROTTLE_ENABLED': True,
 'AUTOTHROTTLE_MAX_DELAY': 5,
 'AUTOTHROTTLE_START_DELAY': 1,
 'AUTOTHROTTLE_TARGET_CONCURRENCY': 2.0,
 'BOT_NAME': 'car_spider',
 'CONCURRENT_REQUESTS': 8,
 'CONCURRENT_REQUESTS_PER_DOMAIN': 4,
 'DOWNLOAD_DELAY': 2,
 'DOWNLOAD_TIMEOUT': 30,
 'HTTPCACHE_ENABLED': True,
 'HTTPCACHE_EXPIRATION_SECS': 3600,
 'HTTPCACHE_IGNORE_HTTP_CODES': [500, 502, 503, 504, 400, 403, 404, 408],
 'LOG_FILE': 'logs/scrapy_spider.log',
 'LOG_LEVEL': 'INFO',
 'NEWSPIDER_MODULE': 'car_spider.spiders',
 'RETRY_TIMES': 3,
 'SPIDER_MODULES': ['car_spider.spiders'],
 'TELNETCONSOLE_ENABLED': False,
 'USER_AGENT': 'Mozilla/5.0 (Macintosh; Intel Mac OS X 10_15_7) '
               'AppleWebKit/537.36 (KHTML, like Gecko) Chrome/120.0.0.0 '
               'Safari/537.36'}
2025-11-16 10:41:57 [scrapy.middleware] INFO: Enabled downloader middlewares:
['scrapy.downloadermiddlewares.offsite.OffsiteMiddleware',
 'scrapy.downloadermiddlewares.httpproxy.HttpProxyMiddleware',
 'scrapy.downloadermiddlewares.httpauth.HttpAuthMiddleware',
 'scrapy.downloadermiddlewares.downloadtimeout.DownloadTimeoutMiddleware',
 'scrapy.downloadermiddlewares.defaultheaders.DefaultHeadersMiddleware',
 'scrapy.downloadermiddlewares.useragent.UserAgentMiddleware',
 'scrapy.downloadermiddlewares.retry.RetryMiddleware',
 'scrapy.downloadermiddlewares.redirect.MetaRefreshMiddleware',
 'scrapy.downloadermiddlewares.httpcompression.HttpCompressionMiddleware',
 'scrapy.downloadermiddlewares.redirect.RedirectMiddleware',
 'scrapy.downloadermiddlewares.cookies.CookiesMiddleware',
 'scrapy.downloadermiddlewares.stats.DownloaderStats',
 'scrapy.downloadermiddlewares.httpcache.HttpCacheMiddleware']
2025-11-16 10:41:57 [scrapy.middleware] INFO: Enabled spider middlewares:
['scrapy.spidermiddlewares.start.StartSpiderMiddleware',
 'scrapy.spidermiddlewares.httperror.HttpErrorMiddleware',
 'scrapy.spidermiddlewares.referer.RefererMiddleware',
 'scrapy.spidermiddlewares.urllength.UrlLengthMiddleware',
 'scrapy.spidermiddlewares.depth.DepthMiddleware']
2025-11-16 10:41:57 [scrapy.middleware] INFO: Enabled item pipelines:
['car_spider.pipelines.DjangoPipeline']
2025-11-16 10:41:57 [scrapy.core.engine] INFO: Spider opened
2025-11-16 10:41:57 [py.warnings] WARNING: E:\graduation-project\.venv\Lib\site-packages\scrapy\core\spidermw.py:433: ScrapyDeprecationWarning: car_spider.spiders.dongchedi_spider.DongchediSpider defines the deprecated start_requests() method. start_requests() has been deprecated in favor of a new method, start(), to support asynchronous code execution. start_requests() will stop being called in a future version of Scrapy. If you use Scrapy 2.13 or higher only, replace start_requests() with start(); note that start() is a coroutine (async def). If you need to maintain compatibility with lower Scrapy versions, when overriding start_requests() in a spider class, override start() as well; you can use super() to reuse the inherited start() implementation without copy-pasting. See the release notes of Scrapy 2.13 for details: https://docs.scrapy.org/en/2.13/news.html
  warn(

2025-11-16 10:41:57 [scrapy.extensions.logstats] INFO: Crawled 0 pages (at 0 pages/min), scraped 0 items (at 0 items/min)
2025-11-16 10:41:58 [dongchedi] INFO: Successfully parsed 10 sales records
2025-11-16 10:41:58 [car_spider.pipelines] ERROR: ✗ 保存销量失败: You cannot call this from an async context - use a thread or sync_to_async.
2025-11-16 10:41:58 [car_spider.pipelines] ERROR: 处理Item失败: You cannot call this from an async context - use a thread or sync_to_async., Item: {'brand_name': '五菱汽车',
 'month': '2025-11',
 'sales': 0,
 'series_name': '五菱宏光MINIEV'}
2025-11-16 10:41:58 [car_spider.pipelines] ERROR: ✗ 保存销量失败: You cannot call this from an async context - use a thread or sync_to_async.
2025-11-16 10:41:58 [car_spider.pipelines] ERROR: 处理Item失败: You cannot call this from an async context - use a thread or sync_to_async., Item: {'brand_name': '吉利银河', 'month': '2025-11', 'sales': 0, 'series_name': '星愿'}
2025-11-16 10:41:58 [car_spider.pipelines] ERROR: ✗ 保存销量失败: You cannot call this from an async context - use a thread or sync_to_async.
2025-11-16 10:41:58 [car_spider.pipelines] ERROR: 处理Item失败: You cannot call this from an async context - use a thread or sync_to_async., Item: {'brand_name': '日产', 'month': '2025-11', 'sales': 0, 'series_name': '轩逸'}
2025-11-16 10:41:58 [car_spider.pipelines] ERROR: ✗ 保存销量失败: You cannot call this from an async context - use a thread or sync_to_async.
2025-11-16 10:41:58 [car_spider.pipelines] ERROR: 处理Item失败: You cannot call this from an async context - use a thread or sync_to_async., Item: {'brand_name': '小米汽车', 'month': '2025-11', 'sales': 0, 'series_name': '小米YU7'}
2025-11-16 10:41:58 [car_spider.pipelines] ERROR: ✗ 保存销量失败: You cannot call this from an async context - use a thread or sync_to_async.
2025-11-16 10:41:58 [car_spider.pipelines] ERROR: 处理Item失败: You cannot call this from an async context - use a thread or sync_to_async., Item: {'brand_name': '吉利汽车', 'month': '2025-11', 'sales': 0, 'series_name': '博越L'}
2025-11-16 10:41:58 [car_spider.pipelines] ERROR: ✗ 保存销量失败: You cannot call this from an async context - use a thread or sync_to_async.
2025-11-16 10:41:58 [car_spider.pipelines] ERROR: 处理Item失败: You cannot call this from an async context - use a thread or sync_to_async., Item: {'brand_name': '比亚迪', 'month': '2025-11', 'sales': 0, 'series_name': '秦PLUS DM'}
2025-11-16 10:41:58 [car_spider.pipelines] ERROR: ✗ 保存销量失败: You cannot call this from an async context - use a thread or sync_to_async.
2025-11-16 10:41:58 [car_spider.pipelines] ERROR: 处理Item失败: You cannot call this from an async context - use a thread or sync_to_async., Item: {'brand_name': '大众', 'month': '2025-11', 'sales': 0, 'series_name': '速腾'}
2025-11-16 10:41:58 [car_spider.pipelines] ERROR: ✗ 保存销量失败: You cannot call this from an async context - use a thread or sync_to_async.
2025-11-16 10:41:58 [car_spider.pipelines] ERROR: 处理Item失败: You cannot call this from an async context - use a thread or sync_to_async., Item: {'brand_name': '比亚迪', 'month': '2025-11', 'sales': 0, 'series_name': '海鸥'}
2025-11-16 10:41:58 [car_spider.pipelines] ERROR: ✗ 保存销量失败: You cannot call this from an async context - use a thread or sync_to_async.
2025-11-16 10:41:58 [car_spider.pipelines] ERROR: 处理Item失败: You cannot call this from an async context - use a thread or sync_to_async., Item: {'brand_name': '丰田', 'month': '2025-11', 'sales': 0, 'series_name': 'RAV4荣放'}
2025-11-16 10:41:58 [car_spider.pipelines] ERROR: ✗ 保存销量失败: You cannot call this from an async context - use a thread or sync_to_async.
2025-11-16 10:41:58 [car_spider.pipelines] ERROR: 处理Item失败: You cannot call this from an async context - use a thread or sync_to_async., Item: {'brand_name': '大众', 'month': '2025-11', 'sales': 0, 'series_name': '朗逸'}
2025-11-16 10:41:58 [scrapy.core.engine] INFO: Closing spider (finished)
2025-11-16 10:41:58 [car_spider.pipelines] INFO: ============================================================
2025-11-16 10:41:58 [car_spider.pipelines] INFO: Pipeline 统计 - dongchedi
2025-11-16 10:41:58 [car_spider.pipelines] INFO: 成功保存: 0 条
2025-11-16 10:41:58 [car_spider.pipelines] INFO: 失败次数: 10 次
2025-11-16 10:41:58 [car_spider.pipelines] INFO: 重复数据: 0 条
2025-11-16 10:41:58 [car_spider.pipelines] INFO: ============================================================
2025-11-16 10:41:58 [dongchedi] INFO: ==================================================
2025-11-16 10:41:58 [dongchedi] INFO: Dongchedi spider finished: finished
2025-11-16 10:41:58 [dongchedi] INFO: Success: 10 items
2025-11-16 10:41:58 [dongchedi] INFO: Failed: 0 times
2025-11-16 10:41:58 [dongchedi] INFO: ==================================================
2025-11-16 10:41:58 [scrapy.statscollectors] INFO: Dumping Scrapy stats:
{'downloader/request_bytes': 396,
 'downloader/request_count': 1,
 'downloader/request_method_count/GET': 1,
 'downloader/response_bytes': 4409,
 'downloader/response_count': 1,
 'downloader/response_status_count/200': 1,
 'elapsed_time_seconds': 0.522604,
 'finish_reason': 'finished',
 'finish_time': datetime.datetime(2025, 11, 16, 2, 41, 58, 367044, tzinfo=datetime.timezone.utc),
 'httpcache/firsthand': 1,
 'httpcache/miss': 1,
 'httpcache/store': 1,
 'httpcompression/response_bytes': 10962,
 'httpcompression/response_count': 1,
 'item_scraped_count': 10,
 'items_per_minute': None,
 'log_count/ERROR': 20,
 'log_count/INFO': 20,
 'log_count/WARNING': 1,
 'response_received_count': 1,
 'responses_per_minute': None,
 'scheduler/dequeued': 1,
 'scheduler/dequeued/memory': 1,
 'scheduler/enqueued': 1,
 'scheduler/enqueued/memory': 1,
 'start_time': datetime.datetime(2025, 11, 16, 2, 41, 57, 844440, tzinfo=datetime.timezone.utc)}
2025-11-16 10:41:58 [scrapy.core.engine] INFO: Spider closed (finished)
2025-11-16 10:42:24 [scrapy.utils.log] INFO: Scrapy 2.13.3 started (bot: car_spider)
2025-11-16 10:42:24 [scrapy.utils.log] INFO: Versions:
{'lxml': '6.0.2',
 'libxml2': '2.11.9',
 'cssselect': '1.3.0',
 'parsel': '1.10.0',
 'w3lib': '2.3.1',
 'Twisted': '25.5.0',
 'Python': '3.12.6 (tags/v3.12.6:a4a2d2b, Sep  6 2024, 20:11:23) [MSC v.1940 '
           '64 bit (AMD64)]',
 'pyOpenSSL': '25.3.0 (OpenSSL 3.5.4 30 Sep 2025)',
 'cryptography': '46.0.3',
 'Platform': 'Windows-10-10.0.19045-SP0'}
2025-11-16 10:42:24 [scrapy.addons] INFO: Enabled addons:
[]
2025-11-16 10:42:24 [scrapy.middleware] INFO: Enabled extensions:
['scrapy.extensions.corestats.CoreStats',
 'scrapy.extensions.logstats.LogStats',
 'scrapy.extensions.throttle.AutoThrottle']
2025-11-16 10:42:24 [scrapy.crawler] INFO: Overridden settings:
{'AUTOTHROTTLE_ENABLED': True,
 'AUTOTHROTTLE_MAX_DELAY': 5,
 'AUTOTHROTTLE_START_DELAY': 1,
 'AUTOTHROTTLE_TARGET_CONCURRENCY': 2.0,
 'BOT_NAME': 'car_spider',
 'CONCURRENT_REQUESTS': 8,
 'CONCURRENT_REQUESTS_PER_DOMAIN': 4,
 'DOWNLOAD_DELAY': 2,
 'DOWNLOAD_TIMEOUT': 30,
 'HTTPCACHE_ENABLED': True,
 'HTTPCACHE_EXPIRATION_SECS': 3600,
 'HTTPCACHE_IGNORE_HTTP_CODES': [500, 502, 503, 504, 400, 403, 404, 408],
 'LOG_FILE': 'logs/scrapy_spider.log',
 'LOG_LEVEL': 'INFO',
 'NEWSPIDER_MODULE': 'car_spider.spiders',
 'RETRY_TIMES': 3,
 'SPIDER_MODULES': ['car_spider.spiders'],
 'TELNETCONSOLE_ENABLED': False,
 'USER_AGENT': 'Mozilla/5.0 (Macintosh; Intel Mac OS X 10_15_7) '
               'AppleWebKit/537.36 (KHTML, like Gecko) Chrome/120.0.0.0 '
               'Safari/537.36'}
2025-11-16 10:42:25 [scrapy.middleware] INFO: Enabled downloader middlewares:
['scrapy.downloadermiddlewares.offsite.OffsiteMiddleware',
 'scrapy.downloadermiddlewares.httpproxy.HttpProxyMiddleware',
 'scrapy.downloadermiddlewares.httpauth.HttpAuthMiddleware',
 'scrapy.downloadermiddlewares.downloadtimeout.DownloadTimeoutMiddleware',
 'scrapy.downloadermiddlewares.defaultheaders.DefaultHeadersMiddleware',
 'scrapy.downloadermiddlewares.useragent.UserAgentMiddleware',
 'scrapy.downloadermiddlewares.retry.RetryMiddleware',
 'scrapy.downloadermiddlewares.redirect.MetaRefreshMiddleware',
 'scrapy.downloadermiddlewares.httpcompression.HttpCompressionMiddleware',
 'scrapy.downloadermiddlewares.redirect.RedirectMiddleware',
 'scrapy.downloadermiddlewares.cookies.CookiesMiddleware',
 'scrapy.downloadermiddlewares.stats.DownloaderStats',
 'scrapy.downloadermiddlewares.httpcache.HttpCacheMiddleware']
2025-11-16 10:42:25 [scrapy.middleware] INFO: Enabled spider middlewares:
['scrapy.spidermiddlewares.start.StartSpiderMiddleware',
 'scrapy.spidermiddlewares.httperror.HttpErrorMiddleware',
 'scrapy.spidermiddlewares.referer.RefererMiddleware',
 'scrapy.spidermiddlewares.urllength.UrlLengthMiddleware',
 'scrapy.spidermiddlewares.depth.DepthMiddleware']
2025-11-16 10:42:25 [scrapy.middleware] INFO: Enabled item pipelines:
['car_spider.pipelines.DjangoPipeline']
2025-11-16 10:42:25 [scrapy.core.engine] INFO: Spider opened
2025-11-16 10:42:25 [py.warnings] WARNING: e:\graduation-project\.venv\Lib\site-packages\scrapy\core\spidermw.py:433: ScrapyDeprecationWarning: car_spider.spiders.dongchedi_spider.DongchediSpider defines the deprecated start_requests() method. start_requests() has been deprecated in favor of a new method, start(), to support asynchronous code execution. start_requests() will stop being called in a future version of Scrapy. If you use Scrapy 2.13 or higher only, replace start_requests() with start(); note that start() is a coroutine (async def). If you need to maintain compatibility with lower Scrapy versions, when overriding start_requests() in a spider class, override start() as well; you can use super() to reuse the inherited start() implementation without copy-pasting. See the release notes of Scrapy 2.13 for details: https://docs.scrapy.org/en/2.13/news.html
  warn(

2025-11-16 10:42:25 [scrapy.extensions.logstats] INFO: Crawled 0 pages (at 0 pages/min), scraped 0 items (at 0 items/min)
2025-11-16 10:42:25 [dongchedi] INFO: Successfully parsed 10 sales records
2025-11-16 10:42:25 [car_spider.pipelines] ERROR: ✗ 保存销量失败: You cannot call this from an async context - use a thread or sync_to_async.
2025-11-16 10:42:25 [car_spider.pipelines] ERROR: 处理Item失败: You cannot call this from an async context - use a thread or sync_to_async., Item: {'brand_name': '五菱汽车',
 'month': '2025-11',
 'sales': 0,
 'series_name': '五菱宏光MINIEV'}
2025-11-16 10:42:25 [car_spider.pipelines] ERROR: ✗ 保存销量失败: You cannot call this from an async context - use a thread or sync_to_async.
2025-11-16 10:42:25 [car_spider.pipelines] ERROR: 处理Item失败: You cannot call this from an async context - use a thread or sync_to_async., Item: {'brand_name': '吉利银河', 'month': '2025-11', 'sales': 0, 'series_name': '星愿'}
2025-11-16 10:42:25 [car_spider.pipelines] ERROR: ✗ 保存销量失败: You cannot call this from an async context - use a thread or sync_to_async.
2025-11-16 10:42:25 [car_spider.pipelines] ERROR: 处理Item失败: You cannot call this from an async context - use a thread or sync_to_async., Item: {'brand_name': '日产', 'month': '2025-11', 'sales': 0, 'series_name': '轩逸'}
2025-11-16 10:42:25 [car_spider.pipelines] ERROR: ✗ 保存销量失败: You cannot call this from an async context - use a thread or sync_to_async.
2025-11-16 10:42:25 [car_spider.pipelines] ERROR: 处理Item失败: You cannot call this from an async context - use a thread or sync_to_async., Item: {'brand_name': '小米汽车', 'month': '2025-11', 'sales': 0, 'series_name': '小米YU7'}
2025-11-16 10:42:25 [car_spider.pipelines] ERROR: ✗ 保存销量失败: You cannot call this from an async context - use a thread or sync_to_async.
2025-11-16 10:42:25 [car_spider.pipelines] ERROR: 处理Item失败: You cannot call this from an async context - use a thread or sync_to_async., Item: {'brand_name': '吉利汽车', 'month': '2025-11', 'sales': 0, 'series_name': '博越L'}
2025-11-16 10:42:25 [car_spider.pipelines] ERROR: ✗ 保存销量失败: You cannot call this from an async context - use a thread or sync_to_async.
2025-11-16 10:42:25 [car_spider.pipelines] ERROR: 处理Item失败: You cannot call this from an async context - use a thread or sync_to_async., Item: {'brand_name': '比亚迪', 'month': '2025-11', 'sales': 0, 'series_name': '秦PLUS DM'}
2025-11-16 10:42:25 [car_spider.pipelines] ERROR: ✗ 保存销量失败: You cannot call this from an async context - use a thread or sync_to_async.
2025-11-16 10:42:25 [car_spider.pipelines] ERROR: 处理Item失败: You cannot call this from an async context - use a thread or sync_to_async., Item: {'brand_name': '大众', 'month': '2025-11', 'sales': 0, 'series_name': '速腾'}
2025-11-16 10:42:25 [car_spider.pipelines] ERROR: ✗ 保存销量失败: You cannot call this from an async context - use a thread or sync_to_async.
2025-11-16 10:42:25 [car_spider.pipelines] ERROR: 处理Item失败: You cannot call this from an async context - use a thread or sync_to_async., Item: {'brand_name': '比亚迪', 'month': '2025-11', 'sales': 0, 'series_name': '海鸥'}
2025-11-16 10:42:25 [car_spider.pipelines] ERROR: ✗ 保存销量失败: You cannot call this from an async context - use a thread or sync_to_async.
2025-11-16 10:42:25 [car_spider.pipelines] ERROR: 处理Item失败: You cannot call this from an async context - use a thread or sync_to_async., Item: {'brand_name': '丰田', 'month': '2025-11', 'sales': 0, 'series_name': 'RAV4荣放'}
2025-11-16 10:42:25 [car_spider.pipelines] ERROR: ✗ 保存销量失败: You cannot call this from an async context - use a thread or sync_to_async.
2025-11-16 10:42:25 [car_spider.pipelines] ERROR: 处理Item失败: You cannot call this from an async context - use a thread or sync_to_async., Item: {'brand_name': '大众', 'month': '2025-11', 'sales': 0, 'series_name': '朗逸'}
2025-11-16 10:42:25 [scrapy.core.engine] INFO: Closing spider (finished)
2025-11-16 10:42:25 [car_spider.pipelines] INFO: ============================================================
2025-11-16 10:42:25 [car_spider.pipelines] INFO: Pipeline 统计 - dongchedi
2025-11-16 10:42:25 [car_spider.pipelines] INFO: 成功保存: 0 条
2025-11-16 10:42:25 [car_spider.pipelines] INFO: 失败次数: 10 次
2025-11-16 10:42:25 [car_spider.pipelines] INFO: 重复数据: 0 条
2025-11-16 10:42:25 [car_spider.pipelines] INFO: ============================================================
2025-11-16 10:42:25 [dongchedi] INFO: ==================================================
2025-11-16 10:42:25 [dongchedi] INFO: Dongchedi spider finished: finished
2025-11-16 10:42:25 [dongchedi] INFO: Success: 10 items
2025-11-16 10:42:25 [dongchedi] INFO: Failed: 0 times
2025-11-16 10:42:25 [dongchedi] INFO: ==================================================
2025-11-16 10:42:25 [scrapy.statscollectors] INFO: Dumping Scrapy stats:
{'downloader/request_bytes': 396,
 'downloader/request_count': 1,
 'downloader/request_method_count/GET': 1,
 'downloader/response_bytes': 4409,
 'downloader/response_count': 1,
 'downloader/response_status_count/200': 1,
 'elapsed_time_seconds': 0.117856,
 'finish_reason': 'finished',
 'finish_time': datetime.datetime(2025, 11, 16, 2, 42, 25, 338504, tzinfo=datetime.timezone.utc),
 'httpcache/hit': 1,
 'httpcompression/response_bytes': 10962,
 'httpcompression/response_count': 1,
 'item_scraped_count': 10,
 'items_per_minute': None,
 'log_count/ERROR': 20,
 'log_count/INFO': 20,
 'log_count/WARNING': 1,
 'response_received_count': 1,
 'responses_per_minute': None,
 'scheduler/dequeued': 1,
 'scheduler/dequeued/memory': 1,
 'scheduler/enqueued': 1,
 'scheduler/enqueued/memory': 1,
 'start_time': datetime.datetime(2025, 11, 16, 2, 42, 25, 220648, tzinfo=datetime.timezone.utc)}
2025-11-16 10:42:25 [scrapy.core.engine] INFO: Spider closed (finished)
2025-11-16 10:54:37 [scrapy.utils.log] INFO: Scrapy 2.11.0 started (bot: car_spider)
2025-11-16 10:54:37 [scrapy.utils.log] INFO: Versions: lxml 6.0.2.0, libxml2 2.11.9, cssselect 1.3.0, parsel 1.10.0, w3lib 2.3.1, Twisted 22.10.0, Python 3.12.6 (tags/v3.12.6:a4a2d2b, Sep  6 2024, 20:11:23) [MSC v.1940 64 bit (AMD64)], pyOpenSSL 25.3.0 (OpenSSL 3.5.4 30 Sep 2025), cryptography 46.0.3, Platform Windows-10-10.0.19045-SP0
2025-11-16 10:54:37 [scrapy.addons] INFO: Enabled addons:
[]
2025-11-16 10:54:37 [py.warnings] WARNING: E:\graduation-project\car_system_backend_django\venv\Lib\site-packages\scrapy\utils\request.py:254: ScrapyDeprecationWarning: '2.6' is a deprecated value for the 'REQUEST_FINGERPRINTER_IMPLEMENTATION' setting.

It is also the default value. In other words, it is normal to get this warning if you have not defined a value for the 'REQUEST_FINGERPRINTER_IMPLEMENTATION' setting. This is so for backward compatibility reasons, but it will change in a future version of Scrapy.

See the documentation of the 'REQUEST_FINGERPRINTER_IMPLEMENTATION' setting for information on how to handle this deprecation.
  return cls(crawler)

2025-11-16 10:54:37 [scrapy.middleware] INFO: Enabled extensions:
['scrapy.extensions.corestats.CoreStats',
 'scrapy.extensions.logstats.LogStats',
 'scrapy.extensions.throttle.AutoThrottle']
2025-11-16 10:54:37 [scrapy.crawler] INFO: Overridden settings:
{'AUTOTHROTTLE_ENABLED': True,
 'AUTOTHROTTLE_MAX_DELAY': 5,
 'AUTOTHROTTLE_START_DELAY': 1,
 'AUTOTHROTTLE_TARGET_CONCURRENCY': 2.0,
 'BOT_NAME': 'car_spider',
 'CONCURRENT_REQUESTS': 8,
 'CONCURRENT_REQUESTS_PER_DOMAIN': 4,
 'DOWNLOAD_DELAY': 2,
 'DOWNLOAD_TIMEOUT': 30,
 'HTTPCACHE_ENABLED': True,
 'HTTPCACHE_EXPIRATION_SECS': 3600,
 'HTTPCACHE_IGNORE_HTTP_CODES': [500, 502, 503, 504, 400, 403, 404, 408],
 'LOG_FILE': 'logs/scrapy_spider.log',
 'LOG_LEVEL': 'INFO',
 'NEWSPIDER_MODULE': 'car_spider.spiders',
 'RETRY_TIMES': 3,
 'SPIDER_MODULES': ['car_spider.spiders'],
 'TELNETCONSOLE_ENABLED': False,
 'USER_AGENT': 'Mozilla/5.0 (Windows NT 10.0; Win64; x64) AppleWebKit/537.36 '
               '(KHTML, like Gecko) Chrome/119.0.0.0 Safari/537.36'}
2025-11-16 10:54:37 [scrapy.middleware] INFO: Enabled downloader middlewares:
['scrapy.downloadermiddlewares.httpproxy.HttpProxyMiddleware',
 'scrapy.downloadermiddlewares.httpauth.HttpAuthMiddleware',
 'scrapy.downloadermiddlewares.downloadtimeout.DownloadTimeoutMiddleware',
 'scrapy.downloadermiddlewares.defaultheaders.DefaultHeadersMiddleware',
 'scrapy.downloadermiddlewares.useragent.UserAgentMiddleware',
 'scrapy.downloadermiddlewares.retry.RetryMiddleware',
 'scrapy.downloadermiddlewares.redirect.MetaRefreshMiddleware',
 'scrapy.downloadermiddlewares.httpcompression.HttpCompressionMiddleware',
 'scrapy.downloadermiddlewares.redirect.RedirectMiddleware',
 'scrapy.downloadermiddlewares.cookies.CookiesMiddleware',
 'scrapy.downloadermiddlewares.stats.DownloaderStats',
 'scrapy.downloadermiddlewares.httpcache.HttpCacheMiddleware']
2025-11-16 10:54:37 [scrapy.middleware] INFO: Enabled spider middlewares:
['scrapy.spidermiddlewares.httperror.HttpErrorMiddleware',
 'scrapy.spidermiddlewares.offsite.OffsiteMiddleware',
 'scrapy.spidermiddlewares.referer.RefererMiddleware',
 'scrapy.spidermiddlewares.urllength.UrlLengthMiddleware',
 'scrapy.spidermiddlewares.depth.DepthMiddleware']
2025-11-16 10:54:37 [scrapy.middleware] INFO: Enabled item pipelines:
['car_spider.pipelines.DjangoPipeline']
2025-11-16 10:54:37 [scrapy.core.engine] INFO: Spider opened
2025-11-16 10:54:37 [scrapy.extensions.logstats] INFO: Crawled 0 pages (at 0 pages/min), scraped 0 items (at 0 items/min)
2025-11-16 10:54:38 [car_spider.pipelines] INFO: ✓ 更新销量: 五菱汽车 五菱宏光MINIEV - 2025-11: 0
2025-11-16 10:54:38 [car_spider.pipelines] INFO: ✓ 更新销量: 吉利银河 星愿 - 2025-11: 0
2025-11-16 10:54:38 [car_spider.pipelines] INFO: ✓ 更新销量: 日产 轩逸 - 2025-11: 0
2025-11-16 10:54:38 [car_spider.pipelines] INFO: ✓ 更新销量: 小米汽车 小米YU7 - 2025-11: 0
2025-11-16 10:54:38 [car_spider.pipelines] INFO: ✓ 更新销量: 吉利汽车 博越L - 2025-11: 0
2025-11-16 10:54:38 [car_spider.pipelines] INFO: ✓ 更新销量: 比亚迪 秦PLUS DM - 2025-11: 0
2025-11-16 10:54:38 [car_spider.pipelines] INFO: ✓ 更新销量: 大众 速腾 - 2025-11: 0
2025-11-16 10:54:38 [car_spider.pipelines] INFO: ✓ 更新销量: 比亚迪 海鸥 - 2025-11: 0
2025-11-16 10:54:38 [car_spider.pipelines] INFO: ✓ 更新销量: 丰田 RAV4荣放 - 2025-11: 0
2025-11-16 10:54:38 [car_spider.pipelines] INFO: ✓ 更新销量: 大众 朗逸 - 2025-11: 0
2025-11-16 10:54:38 [dongchedi] INFO: Successfully parsed 10 sales records
2025-11-16 10:54:38 [scrapy.core.engine] INFO: Closing spider (finished)
2025-11-16 10:54:38 [car_spider.pipelines] INFO: ============================================================
2025-11-16 10:54:38 [car_spider.pipelines] INFO: Pipeline 统计 - dongchedi
2025-11-16 10:54:38 [car_spider.pipelines] INFO: 成功保存: 10 条
2025-11-16 10:54:38 [car_spider.pipelines] INFO: 失败次数: 0 次
2025-11-16 10:54:38 [car_spider.pipelines] INFO: 重复数据: 10 条
2025-11-16 10:54:38 [car_spider.pipelines] INFO: ============================================================
2025-11-16 10:54:38 [dongchedi] INFO: ==================================================
2025-11-16 10:54:38 [dongchedi] INFO: Dongchedi spider finished: finished
2025-11-16 10:54:38 [dongchedi] INFO: Success: 10 items
2025-11-16 10:54:38 [dongchedi] INFO: Failed: 0 times
2025-11-16 10:54:38 [dongchedi] INFO: ==================================================
2025-11-16 10:54:38 [scrapy.statscollectors] INFO: Dumping Scrapy stats:
{'downloader/request_bytes': 396,
 'downloader/request_count': 1,
 'downloader/request_method_count/GET': 1,
 'downloader/response_bytes': 4413,
 'downloader/response_count': 1,
 'downloader/response_status_count/200': 1,
 'elapsed_time_seconds': 0.155948,
 'finish_reason': 'finished',
 'finish_time': datetime.datetime(2025, 11, 16, 2, 54, 38, 115908, tzinfo=datetime.timezone.utc),
 'httpcache/hit': 1,
 'httpcompression/response_bytes': 10962,
 'httpcompression/response_count': 1,
 'item_scraped_count': 10,
 'log_count/INFO': 30,
 'log_count/WARNING': 1,
 'response_received_count': 1,
 'scheduler/dequeued': 1,
 'scheduler/dequeued/memory': 1,
 'scheduler/enqueued': 1,
 'scheduler/enqueued/memory': 1,
 'start_time': datetime.datetime(2025, 11, 16, 2, 54, 37, 959960, tzinfo=datetime.timezone.utc)}
2025-11-16 10:54:38 [scrapy.core.engine] INFO: Spider closed (finished)
2025-11-16 10:54:47 [scrapy.utils.log] INFO: Scrapy 2.11.0 started (bot: car_spider)
2025-11-16 10:54:47 [scrapy.utils.log] INFO: Versions: lxml 6.0.2.0, libxml2 2.11.9, cssselect 1.3.0, parsel 1.10.0, w3lib 2.3.1, Twisted 22.10.0, Python 3.12.6 (tags/v3.12.6:a4a2d2b, Sep  6 2024, 20:11:23) [MSC v.1940 64 bit (AMD64)], pyOpenSSL 25.3.0 (OpenSSL 3.5.4 30 Sep 2025), cryptography 46.0.3, Platform Windows-10-10.0.19045-SP0
2025-11-16 10:54:47 [scrapy.addons] INFO: Enabled addons:
[]
2025-11-16 10:54:47 [py.warnings] WARNING: E:\graduation-project\car_system_backend_django\venv\Lib\site-packages\scrapy\utils\request.py:254: ScrapyDeprecationWarning: '2.6' is a deprecated value for the 'REQUEST_FINGERPRINTER_IMPLEMENTATION' setting.

It is also the default value. In other words, it is normal to get this warning if you have not defined a value for the 'REQUEST_FINGERPRINTER_IMPLEMENTATION' setting. This is so for backward compatibility reasons, but it will change in a future version of Scrapy.

See the documentation of the 'REQUEST_FINGERPRINTER_IMPLEMENTATION' setting for information on how to handle this deprecation.
  return cls(crawler)

2025-11-16 10:54:47 [scrapy.middleware] INFO: Enabled extensions:
['scrapy.extensions.corestats.CoreStats',
 'scrapy.extensions.logstats.LogStats',
 'scrapy.extensions.throttle.AutoThrottle']
2025-11-16 10:54:47 [scrapy.crawler] INFO: Overridden settings:
{'AUTOTHROTTLE_ENABLED': True,
 'AUTOTHROTTLE_MAX_DELAY': 5,
 'AUTOTHROTTLE_START_DELAY': 1,
 'AUTOTHROTTLE_TARGET_CONCURRENCY': 2.0,
 'BOT_NAME': 'car_spider',
 'CONCURRENT_REQUESTS': 4,
 'CONCURRENT_REQUESTS_PER_DOMAIN': 4,
 'DOWNLOAD_DELAY': 3,
 'DOWNLOAD_TIMEOUT': 30,
 'HTTPCACHE_ENABLED': True,
 'HTTPCACHE_EXPIRATION_SECS': 3600,
 'HTTPCACHE_IGNORE_HTTP_CODES': [500, 502, 503, 504, 400, 403, 404, 408],
 'LOG_FILE': 'logs/scrapy_spider.log',
 'LOG_LEVEL': 'INFO',
 'NEWSPIDER_MODULE': 'car_spider.spiders',
 'RETRY_HTTP_CODES': [500, 502, 503, 504, 522, 524, 408, 429, 403],
 'RETRY_TIMES': 5,
 'SPIDER_MODULES': ['car_spider.spiders'],
 'TELNETCONSOLE_ENABLED': False,
 'USER_AGENT': 'Mozilla/5.0 (Windows NT 10.0; Win64; x64; rv:121.0) '
               'Gecko/20100101 Firefox/121.0'}
2025-11-16 10:54:48 [scrapy.middleware] INFO: Enabled downloader middlewares:
['scrapy.downloadermiddlewares.httpproxy.HttpProxyMiddleware',
 'scrapy.downloadermiddlewares.httpauth.HttpAuthMiddleware',
 'scrapy.downloadermiddlewares.downloadtimeout.DownloadTimeoutMiddleware',
 'scrapy.downloadermiddlewares.defaultheaders.DefaultHeadersMiddleware',
 'scrapy.downloadermiddlewares.useragent.UserAgentMiddleware',
 'scrapy.downloadermiddlewares.retry.RetryMiddleware',
 'scrapy.downloadermiddlewares.redirect.MetaRefreshMiddleware',
 'scrapy.downloadermiddlewares.httpcompression.HttpCompressionMiddleware',
 'scrapy.downloadermiddlewares.redirect.RedirectMiddleware',
 'scrapy.downloadermiddlewares.cookies.CookiesMiddleware',
 'scrapy.downloadermiddlewares.stats.DownloaderStats',
 'scrapy.downloadermiddlewares.httpcache.HttpCacheMiddleware']
2025-11-16 10:54:48 [scrapy.middleware] INFO: Enabled spider middlewares:
['scrapy.spidermiddlewares.httperror.HttpErrorMiddleware',
 'scrapy.spidermiddlewares.offsite.OffsiteMiddleware',
 'scrapy.spidermiddlewares.referer.RefererMiddleware',
 'scrapy.spidermiddlewares.urllength.UrlLengthMiddleware',
 'scrapy.spidermiddlewares.depth.DepthMiddleware']
2025-11-16 10:54:48 [scrapy.middleware] INFO: Enabled item pipelines:
['car_spider.pipelines.DjangoPipeline']
2025-11-16 10:54:48 [scrapy.core.engine] INFO: Spider opened
2025-11-16 10:54:48 [scrapy.extensions.logstats] INFO: Crawled 0 pages (at 0 pages/min), scraped 0 items (at 0 items/min)
2025-11-16 10:54:48 [chezhi] INFO: Parsing page 1
2025-11-16 10:54:48 [chezhi] INFO: No complaint links found, generating test data
2025-11-16 10:54:48 [car_spider.pipelines] INFO: ✓ 更新问题: 秦PLUS DM-i - 电池衰减 (投诉次数: 6)
2025-11-16 10:54:48 [chezhi] INFO: Parsing page 2
2025-11-16 10:54:48 [chezhi] INFO: No complaint links found, generating test data
2025-11-16 10:54:48 [car_spider.pipelines] INFO: ✓ 更新问题: 秦PLUS DM-i - 电池衰减 (投诉次数: 7)
2025-11-16 10:54:48 [chezhi] INFO: Parsing page 3
2025-11-16 10:54:48 [chezhi] INFO: No complaint links found, generating test data
2025-11-16 10:54:48 [car_spider.pipelines] INFO: ✓ 更新问题: 秦PLUS DM-i - 电池衰减 (投诉次数: 8)
2025-11-16 10:54:48 [chezhi] INFO: Parsing page 4
2025-11-16 10:54:48 [chezhi] INFO: No complaint links found, generating test data
2025-11-16 10:54:48 [car_spider.pipelines] INFO: ✓ 更新问题: 秦PLUS DM-i - 电池衰减 (投诉次数: 9)
2025-11-16 10:54:48 [car_spider.pipelines] INFO: ✓ 更新问题: Model Y - 自动驾驶失灵 (投诉次数: 6)
2025-11-16 10:54:48 [car_spider.pipelines] INFO: ✓ 更新问题: 理想L9 - 空调异响 (投诉次数: 6)
2025-11-16 10:54:48 [car_spider.pipelines] INFO: ✓ 更新问题: Model Y - 自动驾驶失灵 (投诉次数: 7)
2025-11-16 10:54:48 [car_spider.pipelines] INFO: ✓ 更新问题: 理想L9 - 空调异响 (投诉次数: 7)
2025-11-16 10:54:48 [car_spider.pipelines] INFO: ✓ 更新问题: Model Y - 自动驾驶失灵 (投诉次数: 8)
2025-11-16 10:54:48 [car_spider.pipelines] INFO: ✓ 更新问题: 理想L9 - 空调异响 (投诉次数: 8)
2025-11-16 10:54:48 [car_spider.pipelines] INFO: ✓ 更新问题: ES6 - 车机异响 (投诉次数: 6)
2025-11-16 10:54:48 [chezhi] INFO: Parsing page 5
2025-11-16 10:54:48 [chezhi] INFO: No complaint links found, generating test data
2025-11-16 10:54:48 [car_spider.pipelines] INFO: ✓ 更新问题: 秦PLUS DM-i - 电池衰减 (投诉次数: 10)
2025-11-16 10:54:48 [car_spider.pipelines] INFO: ✓ 更新问题: Model Y - 自动驾驶失灵 (投诉次数: 9)
2025-11-16 10:54:48 [car_spider.pipelines] INFO: ✓ 更新问题: 理想L9 - 空调异响 (投诉次数: 9)
2025-11-16 10:54:48 [car_spider.pipelines] INFO: ✓ 更新问题: ES6 - 车机异响 (投诉次数: 7)
2025-11-16 10:54:48 [car_spider.pipelines] INFO: ✓ 更新问题: P7 - 中控卡顿 (投诉次数: 6)
2025-11-16 10:54:48 [car_spider.pipelines] INFO: ✓ 更新问题: ES6 - 车机异响 (投诉次数: 8)
2025-11-16 10:54:48 [car_spider.pipelines] INFO: ✓ 更新问题: P7 - 中控卡顿 (投诉次数: 7)
2025-11-16 10:54:48 [chezhi] INFO: Generated 5 test complaint records
2025-11-16 10:54:48 [car_spider.pipelines] INFO: ✓ 更新问题: P7 - 中控卡顿 (投诉次数: 8)
2025-11-16 10:54:48 [chezhi] INFO: Generated 5 test complaint records
2025-11-16 10:54:48 [car_spider.pipelines] INFO: ✓ 更新问题: Model Y - 自动驾驶失灵 (投诉次数: 10)
2025-11-16 10:54:48 [car_spider.pipelines] INFO: ✓ 更新问题: 理想L9 - 空调异响 (投诉次数: 10)
2025-11-16 10:54:48 [car_spider.pipelines] INFO: ✓ 更新问题: ES6 - 车机异响 (投诉次数: 9)
2025-11-16 10:54:48 [car_spider.pipelines] INFO: ✓ 更新问题: ES6 - 车机异响 (投诉次数: 10)
2025-11-16 10:54:48 [car_spider.pipelines] INFO: ✓ 更新问题: P7 - 中控卡顿 (投诉次数: 9)
2025-11-16 10:54:48 [chezhi] INFO: Generated 5 test complaint records
2025-11-16 10:54:48 [chezhi] INFO: Generated 5 test complaint records
2025-11-16 10:54:48 [car_spider.pipelines] INFO: ✓ 更新问题: P7 - 中控卡顿 (投诉次数: 10)
2025-11-16 10:54:48 [chezhi] INFO: Generated 5 test complaint records
2025-11-16 10:54:48 [scrapy.core.engine] INFO: Closing spider (finished)
2025-11-16 10:54:48 [car_spider.pipelines] INFO: ============================================================
2025-11-16 10:54:48 [car_spider.pipelines] INFO: Pipeline 统计 - chezhi
2025-11-16 10:54:48 [car_spider.pipelines] INFO: 成功保存: 25 条
2025-11-16 10:54:48 [car_spider.pipelines] INFO: 失败次数: 0 次
2025-11-16 10:54:48 [car_spider.pipelines] INFO: 重复数据: 25 条
2025-11-16 10:54:48 [car_spider.pipelines] INFO: ============================================================
2025-11-16 10:54:48 [chezhi] INFO: ==================================================
2025-11-16 10:54:48 [chezhi] INFO: Chezhi spider finished: finished
2025-11-16 10:54:48 [chezhi] INFO: Success: 0 items
2025-11-16 10:54:48 [chezhi] INFO: Failed: 0 times
2025-11-16 10:54:48 [chezhi] INFO: ==================================================
2025-11-16 10:54:48 [scrapy.statscollectors] INFO: Dumping Scrapy stats:
{'downloader/request_bytes': 4624,
 'downloader/request_count': 10,
 'downloader/request_method_count/GET': 10,
 'downloader/response_bytes': 80572,
 'downloader/response_count': 10,
 'downloader/response_status_count/200': 5,
 'downloader/response_status_count/301': 5,
 'elapsed_time_seconds': 0.369766,
 'finish_reason': 'finished',
 'finish_time': datetime.datetime(2025, 11, 16, 2, 54, 48, 530951, tzinfo=datetime.timezone.utc),
 'httpcache/hit': 10,
 'httpcompression/response_bytes': 341320,
 'httpcompression/response_count': 5,
 'item_scraped_count': 25,
 'log_count/INFO': 59,
 'log_count/WARNING': 1,
 'response_received_count': 5,
 'scheduler/dequeued': 10,
 'scheduler/dequeued/memory': 10,
 'scheduler/enqueued': 10,
 'scheduler/enqueued/memory': 10,
 'start_time': datetime.datetime(2025, 11, 16, 2, 54, 48, 161185, tzinfo=datetime.timezone.utc)}
2025-11-16 10:54:48 [scrapy.core.engine] INFO: Spider closed (finished)
